// Jest Snapshot v1, https://goo.gl/fbAQLP

exports[`matches snapshot 1`] = `
<DocumentFragment>
  <div
    class="App"
  >
    <h1>
      Todo List
    </h1>
    <form>
      <label
        for="todoInput"
      >
        New Todo:
      </label>
      <input
        id="todoInput"
        name="todoInput"
        placeholder="New Todo"
        type="text"
        value=""
      />
      <button>
        Add a Todo
      </button>
    </form>
    <div
      class="TodoList"
    />
  </div>
</DocumentFragment>
`;
