// Jest Snapshot v1, https://goo.gl/fbAQLP

exports[`matches snapshot 1`] = `
<DocumentFragment>
  <form>
    <label
      for="todoInput"
    >
      New Todo:
    </label>
    <input
      id="todoInput"
      name="todoInput"
      placeholder="New Todo"
      type="text"
      value=""
    />
    <button>
      Add a Todo
    </button>
  </form>
</DocumentFragment>
`;
